// Jest Snapshot v1, https://jestjs.io/docs/snapshot-testing

exports[`CLI without --dry-run calls OpenAI and updates .po file with translated strings 1`] = `
"msgid ""
msgstr ""
"Language: uk\\n"
"Plural-Forms: nplurals=3; plural=(n%10==1 && n%100!=11 ? 0 : n%10>=2 && n%10<=4 && (n%100<10 || n%100>=20) ? 1 : 2);\\n"
"Content-Type: text/plain; charset=utf-8\\n"

msgid "Hello"
msgstr "Привіт"
"
`;
